../Drivers/CMSIS/Include/core_cm4.h:1684:22:__NVIC_EnableIRQ	16	static,ignoring_inline_asm
../Drivers/CMSIS/Include/core_cm4.h:1814:22:__NVIC_SetPriority	16	static
../Core/Src/main.c:106:6:TIM3_PWM_setup	4	static
../Core/Src/main.c:158:6:Motor_GPIO_dir_setup	4	static
../Core/Src/main.c:197:6:set_robot_dir	16	static
../Core/Src/main.c:220:6:TIM6_basic_setup	8	static
../Core/Src/main.c:240:6:TIM6_DAC_IRQHandler	4	static
../Core/Src/main.c:253:5:main	16	static
../Core/Src/main.c:359:6:SystemClock_Config	88	static
../Core/Src/main.c:410:6:Error_Handler	4	static,ignoring_inline_asm
